// Jest Snapshot v1, https://goo.gl/fbAQLP

exports[`AboutBox Tests should render correctly 1`] = `ShallowWrapper {}`;
