// Jest Snapshot v1, https://goo.gl/fbAQLP

exports[`BackDrop Tests should render correctly 1`] = `ShallowWrapper {}`;
