// Jest Snapshot v1, https://goo.gl/fbAQLP

exports[`Back Image Tests should render correctly 1`] = `ShallowWrapper {}`;
