// Jest Snapshot v1, https://goo.gl/fbAQLP

exports[`Button Tests should render correctly 1`] = `ShallowWrapper {}`;
