// Jest Snapshot v1, https://goo.gl/fbAQLP

exports[`Container Tests should render correctly 1`] = `ShallowWrapper {}`;
