// Jest Snapshot v1, https://goo.gl/fbAQLP

exports[`Custom Section Tests should render correctly 1`] = `ShallowWrapper {}`;
