// Jest Snapshot v1, https://goo.gl/fbAQLP

exports[`Dropdown Tests should render correctly 1`] = `ShallowWrapper {}`;
