// Jest Snapshot v1, https://goo.gl/fbAQLP

exports[`Hamburger Tests should render correctly 1`] = `ShallowWrapper {}`;
