// Jest Snapshot v1, https://goo.gl/fbAQLP

exports[`Logo Tests should render correctly 1`] = `ShallowWrapper {}`;
