// Jest Snapshot v1, https://goo.gl/fbAQLP

exports[`MobileHeader Tests should render correctly 1`] = `ShallowWrapper {}`;
