// Jest Snapshot v1, https://goo.gl/fbAQLP

exports[`ThinLine Tests should render correctly 1`] = `ShallowWrapper {}`;
